#-----------------------------------------------------------
# Vivado v2019.2 (64-bit)
# SW Build 2708876 on Wed Nov  6 21:40:23 MST 2019
# IP Build 2700528 on Thu Nov  7 00:09:20 MST 2019
# Start of session at: Wed Apr  5 19:32:15 2023
# Process ID: 7960
# Current directory: D:/my_project/COS/2/MIPS_IO
# Command line: vivado.exe -gui_launcher_event rodinguilauncherevent30400 D:\my_project\COS\2\MIPS_IO\MIPS_IO.xpr
# Log file: D:/my_project/COS/2/MIPS_IO/vivado.log
# Journal file: D:/my_project/COS/2/MIPS_IO\vivado.jou
#-----------------------------------------------------------
start_gui
open_project D:/my_project/COS/2/MIPS_IO/MIPS_IO.xpr
update_compile_order -fileset sources_1
open_hw_manager
connect_hw_server -allow_non_jtag
open_hw_target
set_property PROGRAM.FILE {D:/my_project/COS/2/MIPS_IO/MIPS_IO.runs/impl_1/mips_top.bit} [get_hw_devices xc7a100t_0]
current_hw_device [get_hw_devices xc7a100t_0]
refresh_hw_device -update_hw_probes false [lindex [get_hw_devices xc7a100t_0] 0]
set_property PROBES.FILE {} [get_hw_devices xc7a100t_0]
set_property FULL_PROBES.FILE {} [get_hw_devices xc7a100t_0]
set_property PROGRAM.FILE {D:/my_project/COS/2/MIPS_IO/MIPS_IO.runs/impl_1/mips_top.bit} [get_hw_devices xc7a100t_0]
program_hw_devices [get_hw_devices xc7a100t_0]
refresh_hw_device [lindex [get_hw_devices xc7a100t_0] 0]
close_hw_manager
